// Jest Snapshot v1, https://goo.gl/fbAQLP

exports[`batch-convert batchConvert 1`] = `
{
  "$comment": "Generated from types1.ts by core-types-json-schema (https://github.com/grantila/core-types-json-schema) on behalf of typeconv (https://github.com/grantila/typeconv)",
  "definitions": {
    "Foo": {
      "additionalProperties": false,
      "properties": {
        "bar": {
          "title": "Foo.bar",
          "type": "string",
        },
        "baz": {
          "anyOf": [
            {
              "title": "Foo.baz",
              "type": "number",
            },
            {
              "$ref": "#/definitions/Foo",
              "title": "Foo.baz",
            },
          ],
          "description": "A baz is a number of another Foo

@see baz documentation at http://documentation.yada",
          "title": "Foo.baz",
        },
      },
      "required": [
        "bar",
        "baz",
      ],
      "title": "Foo",
      "type": "object",
    },
    "Foo2": {
      "additionalProperties": false,
      "properties": {
        "bak": {
          "items": {
            "type": "boolean",
          },
          "title": "Foo2.bak",
          "type": "array",
        },
      },
      "required": [
        "bak",
      ],
      "title": "Foo2",
      "type": "object",
    },
  },
}
`;

exports[`batch-convert batchConvert 2`] = `
{
  "$comment": "Generated from sub/types2.ts by core-types-json-schema (https://github.com/grantila/core-types-json-schema) on behalf of typeconv (https://github.com/grantila/typeconv)",
  "definitions": {
    "SubDirType": {
      "additionalProperties": false,
      "properties": {
        "name": {
          "title": "SubDirType.name",
          "type": "string",
        },
      },
      "required": [
        "name",
      ],
      "title": "SubDirType",
      "type": "object",
    },
  },
}
`;

exports[`batch-convert batchConvert verbose 1`] = `
{
  "$comment": "Generated from types1.ts by core-types-json-schema (https://github.com/grantila/core-types-json-schema) on behalf of typeconv (https://github.com/grantila/typeconv)",
  "definitions": {
    "Foo": {
      "additionalProperties": false,
      "properties": {
        "bar": {
          "title": "Foo.bar",
          "type": "string",
        },
        "baz": {
          "anyOf": [
            {
              "title": "Foo.baz",
              "type": "number",
            },
            {
              "$ref": "#/definitions/Foo",
              "title": "Foo.baz",
            },
          ],
          "description": "A baz is a number of another Foo

@see baz documentation at http://documentation.yada",
          "title": "Foo.baz",
        },
      },
      "required": [
        "bar",
        "baz",
      ],
      "title": "Foo",
      "type": "object",
    },
    "Foo2": {
      "additionalProperties": false,
      "properties": {
        "bak": {
          "items": {
            "type": "boolean",
          },
          "title": "Foo2.bak",
          "type": "array",
        },
      },
      "required": [
        "bak",
      ],
      "title": "Foo2",
      "type": "object",
    },
  },
}
`;

exports[`batch-convert batchConvert verbose 2`] = `
{
  "$comment": "Generated from sub/types2.ts by core-types-json-schema (https://github.com/grantila/core-types-json-schema) on behalf of typeconv (https://github.com/grantila/typeconv)",
  "definitions": {
    "SubDirType": {
      "additionalProperties": false,
      "properties": {
        "name": {
          "title": "SubDirType.name",
          "type": "string",
        },
      },
      "required": [
        "name",
      ],
      "title": "SubDirType",
      "type": "object",
    },
  },
}
`;

exports[`batch-convert batchConvert verbose 3`] = `
[
  "fixtures",
  [
    "[typeconv] types1.ts -> stdout, 100% types converted (2/2)",
  ],
  [
    "[typeconv] sub/types2.ts -> stdout, 100% types converted (1/1)",
  ],
]
`;

exports[`batch-convert batchConvertGlob 1`] = `
{
  "$comment": "Generated from sub/types2.ts by core-types-json-schema (https://github.com/grantila/core-types-json-schema) on behalf of typeconv (https://github.com/grantila/typeconv)",
  "definitions": {
    "SubDirType": {
      "additionalProperties": false,
      "properties": {
        "name": {
          "title": "SubDirType.name",
          "type": "string",
        },
      },
      "required": [
        "name",
      ],
      "title": "SubDirType",
      "type": "object",
    },
  },
}
`;

exports[`batch-convert batchConvertGlob 2`] = `
{
  "$comment": "Generated from types1.ts by core-types-json-schema (https://github.com/grantila/core-types-json-schema) on behalf of typeconv (https://github.com/grantila/typeconv)",
  "definitions": {
    "Foo": {
      "additionalProperties": false,
      "properties": {
        "bar": {
          "title": "Foo.bar",
          "type": "string",
        },
        "baz": {
          "anyOf": [
            {
              "title": "Foo.baz",
              "type": "number",
            },
            {
              "$ref": "#/definitions/Foo",
              "title": "Foo.baz",
            },
          ],
          "description": "A baz is a number of another Foo

@see baz documentation at http://documentation.yada",
          "title": "Foo.baz",
        },
      },
      "required": [
        "bar",
        "baz",
      ],
      "title": "Foo",
      "type": "object",
    },
    "Foo2": {
      "additionalProperties": false,
      "properties": {
        "bak": {
          "items": {
            "type": "boolean",
          },
          "title": "Foo2.bak",
          "type": "array",
        },
      },
      "required": [
        "bak",
      ],
      "title": "Foo2",
      "type": "object",
    },
  },
}
`;
