// Jest Snapshot v1, https://goo.gl/fbAQLP

exports[`file  1`] = `"]8;;file:///the/root/foo/file.namefoo/file.name]8;;"`;
